HELLO world
world HELLO

HELLO
world

HELLO\nworld
