hello world
world hello

HELLO WORLD

hello\nworld
